
Discarded input sections

 .text          0x00000000        0x0 build/objs/a/b/c/main.o
 .data          0x00000000        0x0 build/objs/a/b/c/main.o
 .bss           0x00000000        0x0 build/objs/a/b/c/main.o
 .note.GNU-stack
                0x00000000        0x0 build/objs/a/b/c/main.o
 .text          0x00000000        0x0 build/objs/a/b/c/spi_driver.o
 .data          0x00000000        0x0 build/objs/a/b/c/spi_driver.o
 .bss           0x00000000        0x0 build/objs/a/b/c/spi_driver.o
 .text.spi_transfer_byte_internal
                0x00000000       0x26 build/objs/a/b/c/spi_driver.o
 .text.spi_set_clock_divider
                0x00000000        0xe build/objs/a/b/c/spi_driver.o
 .text.spi_transfer
                0x00000000       0x64 build/objs/a/b/c/spi_driver.o
 .note.GNU-stack
                0x00000000        0x0 build/objs/a/b/c/spi_driver.o
 .text          0x00000000        0x0 build/objs/a/b/c/gpio_driver.o
 .data          0x00000000        0x0 build/objs/a/b/c/gpio_driver.o
 .bss           0x00000000        0x0 build/objs/a/b/c/gpio_driver.o
 .text.gpio_set_direction_mask
                0x00000000        0x8 build/objs/a/b/c/gpio_driver.o
 .text.gpio_toggle_pin
                0x00000000       0x1e build/objs/a/b/c/gpio_driver.o
 .text.gpio_write_pin
                0x00000000       0x2c build/objs/a/b/c/gpio_driver.o
 .text.gpio_write
                0x00000000        0x8 build/objs/a/b/c/gpio_driver.o
 .text.gpio_read_pin
                0x00000000       0x1a build/objs/a/b/c/gpio_driver.o
 .text.gpio_read
                0x00000000        0x8 build/objs/a/b/c/gpio_driver.o
 .note.GNU-stack
                0x00000000        0x0 build/objs/a/b/c/gpio_driver.o
 .text          0x00000000        0x0 build/objs/a/b/c/startup.o
 .data          0x00000000        0x0 build/objs/a/b/c/startup.o
 .bss           0x00000000        0x0 build/objs/a/b/c/startup.o
 .note.GNU-stack
                0x00000000        0x0 build/objs/a/b/c/startup.o

Memory Configuration

Name             Origin             Length             Attributes
ROM              0x00000000         0x01000000         xr
RAM              0x01000000         0x01000000         rw
*default*        0x00000000         0xffffffff

Linker script and memory map

LOAD build/objs/a/b/c/main.o
LOAD build/objs/a/b/c/spi_driver.o
LOAD build/objs/a/b/c/gpio_driver.o
LOAD build/objs/a/b/c/startup.o

.text           0x00000000      0x17c
 *(.text.start)
 .text.start    0x00000000       0x5e build/objs/a/b/c/startup.o
                0x00000000                _start
 *(.text)
 *(.text.*)
 .text.startup.main
                0x0000005e       0x72 build/objs/a/b/c/main.o
                0x0000005e                main
 .text.spi_init
                0x000000d0       0x12 build/objs/a/b/c/spi_driver.o
                0x000000d0                spi_init
 .text.spi_transfer_byte
                0x000000e2       0x26 build/objs/a/b/c/spi_driver.o
                0x000000e2                spi_transfer_byte
 .text.gpio_set_direction
                0x00000108       0x34 build/objs/a/b/c/gpio_driver.o
                0x00000108                gpio_set_direction
 .text.gpio_set_pin
                0x0000013c       0x1e build/objs/a/b/c/gpio_driver.o
                0x0000013c                gpio_set_pin
 .text.gpio_clear_pin
                0x0000015a       0x22 build/objs/a/b/c/gpio_driver.o
                0x0000015a                gpio_clear_pin

.rela.dyn       0x0000017c        0x0
 .rela.text.start
                0x0000017c        0x0 build/objs/a/b/c/main.o

.rodata
 *(.rodata)
 *(.rodata.*)

.preinit_array
 *(.preinit_array)

.init_array
 *(.init_array)
 *(.init_array.*)

.fini_array
 *(.fini_array)
 *(.fini_array.*)
                0x01000800                        __global_pointer$ = (ORIGIN (RAM) + 0x800)

.data           0x01000000        0x0 load address 0x0000017c
                0x01000000                        __data_start = .
 *(.data)
 *(.data.*)
 *(.sdata)
 *(.sdata.*)
                0x01000000                        __data_end = .
                0x0000017c                        __data_load_start = LOADADDR (.data)

.bss            0x01000000        0x0 load address 0x0000017c
                0x01000000                        __bss_start = .
 *(.bss)
 *(.bss.*)
 *(COMMON)
 *(.sbss)
 *(.sbss.*)
                0x01000000                        __bss_end = .
                0x02000000                        __stack_top = (ORIGIN (RAM) + LENGTH (RAM))
                0x01fff000                        __heap_limit = (__stack_top - 0x1000)
                0x01000000                        _end = .

/DISCARD/
 *(.note.GNU-stack)
 *(.gnu_debuglink)
 *(.gnu.lto_*)
OUTPUT(build/spi-transfer.elf elf32-littleriscv)

.comment        0x00000000       0x1b
 .comment       0x00000000       0x1b build/objs/a/b/c/main.o
                                 0x1c (size before relaxing)
 .comment       0x0000001b        0x0 build/objs/a/b/c/spi_driver.o
                                 0x1c (size before relaxing)
 .comment       0x0000001b        0x0 build/objs/a/b/c/gpio_driver.o
                                 0x1c (size before relaxing)
 .comment       0x0000001b        0x0 build/objs/a/b/c/startup.o
                                 0x1c (size before relaxing)

.riscv.attributes
                0x00000000       0x28
 .riscv.attributes
                0x00000000       0x28 build/objs/a/b/c/main.o
 .riscv.attributes
                0x00000028       0x28 build/objs/a/b/c/spi_driver.o
 .riscv.attributes
                0x00000050       0x28 build/objs/a/b/c/gpio_driver.o
 .riscv.attributes
                0x00000078       0x28 build/objs/a/b/c/startup.o
